logic__92: 
logic__49: 
reg__3: 
logic__82: 
logic__74: 
case__2: 
logic__68: 
logic__101: 
reg__10: 
logic__86: 
reg__14: 
logic__95: 
logic__84: 
reg__12: 
logic__65: 
case__26: 
design_1_positionCtrl_0_0: 
extram: 
logic__103: 
logic__22: 
logic__66: 
logic__23: 
logic__21: 
reg__15: 
keep__1: 
positionCtrl: 
logic__98: 
reg__7: 
reg__13: 
logic__24: 
logic__100: 
case__28: 
case__27: 
logic__64: 
logic__79: 
logic__42: 
logic__93: 
case__25: 
logic__15: 
logic__78: 
logic__7: 
reg__5: 
dsp48e1: 
logic__75: 
muxpart: 
case__3: 
logic__81: 
logic__9: 
reg__11: 
case__30: 
logic__102: 
case: 
keep__2: 
logic__46: 
reg__8: 
keep__3: 
logic__6: 
keep: 
datapath: 
logic__80: 
logic__99: 
reg__4: 
logic__89: 
logic__43: 
positionCtrl_CTRL_s_axi_ram: 
reg__6: 
logic__72: 
case__17: 
case__31: 
case__29: 
logic__67: 
positionCtrl_CTRL_s_axi: 
logic: 
reg__9: 
logic__83: 
logic__71: 
case__1: 
logic__73: 
logic__85: 
reg: 
logic__8: 
